192.168.0.0 - - [08/Sep/2012:11:16:02 +0200] "GET /temps/4IF16.html HTTP/1.1" 200 12106 "http://intranet.insa-lyon.fr/temps/4IF15.html" "Mozilla/5.0 (Windows NT 6.1; WOW64; rv:14.0) Gecko/20100101 Firefox/14.0.1"
192.168.0.1 - - [08/Sep/2012:11:17:02 +0200] "GET /images/logo.png HTTP/1.1" 200 2048 "http://intranet.insa-lyon.fr/temps/4IF16.html" "Mozilla/5.0 (Windows NT 6.1; WOW64; rv:14.0) Gecko/20100101 Firefox/14.0.1"
192.168.0.2 - - [08/Sep/2012:11:18:02 +0200] "GET /css/style.css HTTP/1.1" 200 1024 "http://intranet.insa-lyon.fr/temps/4IF16.html" "Mozilla/5.0 (Windows NT 6.1; WOW64; rv:14.0) Gecko/20100101 Firefox/14.0.1"
192.168.0.3 - - [08/Sep/2012:11:19:02 +0200] "GET /js/script.js HTTP/1.1" 200 512 "http://intranet.insa-lyon.fr/temps/4IF16.html" "Mozilla/5.0 (Windows NT 6.1; WOW64; rv:14.0) Gecko/20100101 Firefox/14.0.1"
192.168.0.4 - - [08/Sep/2012:11:20:02 +0200] "GET /temps/4IF17.html HTTP/1.1" 200 12106 "http://intranet.insa-lyon.fr/temps/4IF16.html" "Mozilla/5.0 (Windows NT 6.1; WOW64; rv:14.0) Gecko/20100101 Firefox/14.0.1"
192.168.0.5 - - [08/Sep/2012:11:21:02 +0200] "GET /temps/4IF18.html HTTP/1.1" 200 12106 "http://intranet.insa-lyon.fr/temps/4IF16.html" "Mozilla/5.0 (Windows NT 6.1; WOW64; rv:14.0) Gecko/20100101 Firefox/14.0.1"
192.168.0.6 - - [08/Sep/2012:11:22:02 +0200] "GET /temps/4IF19.html HTTP/1.1" 200 12106 "http://intranet.insa-lyon.fr/temps/4IF16.html" "Mozilla/5.0 (Windows NT 6.1; WOW64; rv:14.0) Gecko/20100101 Firefox/14.0.1"
192.168.0.7 - - [08/Sep/2012:11:23:02 +0200] "GET /temps/4IF20.html HTTP/1.1" 200 12106 "http://intranet.insa-lyon.fr/temps/4IF16.html" "Mozilla/5.0 (Windows NT 6.1; WOW64; rv:14.0) Gecko/20100101 Firefox/14.0.1"
192.168.0.8 - - [08/Sep/2012:11:24:02 +0200] "GET /temps/4IF21.html HTTP/1.1" 200 12106 "http://intranet.insa-lyon.fr/temps/4IF16.html" "Mozilla/5.0 (Windows NT 6.1; WOW64; rv:14.0) Gecko/20100101 Firefox/14.0.1"
192.168.0.9 - - [08/Sep/2012:11:25:02 +0200] "GET /temps/4IF22.html HTTP/1.1" 200 12106 "http://intranet.insa-lyon.fr/temps/4IF16.html" "Mozilla/5.0 (Windows NT 6.1; WOW64; rv:14.0) Gecko/20100101 Firefox/14.0.1"